subject: Sua senha do Regnovum foi alterada
--- text
Olá, Ana

A senha da sua conta foi alterada e todas as sessões antigas foram encerradas. Se não foi você, redefina a senha agora e revise as sessões ativas.

Equipe Regnovum
--- html
<!doctype html>
<html lang="pt-BR" dir="ltr">
<head>
<meta charset="utf-8">
<title>Sua senha do Regnovum foi alterada</title>
</head>
<body>
<p>Olá, Ana</p>
<p>A senha da sua conta foi alterada e todas as sessões antigas foram encerradas. Se não foi você, redefina a senha agora e revise as sessões ativas.</p>
<p>Equipe Regnovum</p>
</body>
</html>
