subject: Your Regnovum password was changed
--- text
Hi, Ana

Your account password was changed and every older session was ended. If this was not you, reset your password now and review the active sessions.

The Regnovum team
--- html
<!doctype html>
<html lang="en-US" dir="ltr">
<head>
<meta charset="utf-8">
<title>Your Regnovum password was changed</title>
</head>
<body>
<p>Hi, Ana</p>
<p>Your account password was changed and every older session was ended. If this was not you, reset your password now and review the active sessions.</p>
<p>The Regnovum team</p>
</body>
</html>
