subject: Confirm your email at Regnovum
--- text
Hi, Ana

Use the code below to confirm your email. If you did not request this, ignore this message.

Verification code: K7QP-2M4Z-9RTX

The Regnovum team
--- html
<!doctype html>
<html lang="en-US" dir="ltr">
<head>
<meta charset="utf-8">
<title>Confirm your email at Regnovum</title>
</head>
<body>
<p>Hi, Ana</p>
<p>Use the code below to confirm your email. If you did not request this, ignore this message.</p>
<p><strong>Verification code</strong></p>
<p>K7QP-2M4Z-9RTX</p>
<p>The Regnovum team</p>
</body>
</html>
