subject: Confirme seu email no Regnovum
--- text
Olá, Ana

Use o código abaixo para confirmar seu email. Se você não pediu isso, ignore esta mensagem.

Código de verificação: K7QP-2M4Z-9RTX

Equipe Regnovum
--- html
<!doctype html>
<html lang="pt-BR" dir="ltr">
<head>
<meta charset="utf-8">
<title>Confirme seu email no Regnovum</title>
</head>
<body>
<p>Olá, Ana</p>
<p>Use o código abaixo para confirmar seu email. Se você não pediu isso, ignore esta mensagem.</p>
<p><strong>Código de verificação</strong></p>
<p>K7QP-2M4Z-9RTX</p>
<p>Equipe Regnovum</p>
</body>
</html>
