{"html":"\u003c!doctype html\u003e\n\u003chtml lang=\"pt-BR\" dir=\"ltr\"\u003e\n\u003chead\u003e\n\u003cmeta charset=\"utf-8\"\u003e\n\u003ctitle\u003eConfirme seu email no Regnovum\u003c/title\u003e\n\u003c/head\u003e\n\u003cbody\u003e\n\u003cp\u003eOlá, Baseline Ana\u003c/p\u003e\n\u003cp\u003eUse o código abaixo para confirmar seu email. Se você não pediu isso, ignore esta mensagem.\u003c/p\u003e\n\u003cp\u003e\u003cstrong\u003eCódigo de verificação\u003c/strong\u003e\u003c/p\u003e\n\u003cp\u003eB4SE-L1NE-00\u003c/p\u003e\n\u003cp\u003eEquipe Regnovum\u003c/p\u003e\n\u003c/body\u003e\n\u003c/html\u003e\n","subject":"Confirme seu email no Regnovum","text":"Olá, Baseline Ana\n\nUse o código abaixo para confirmar seu email. Se você não pediu isso, ignore esta mensagem.\n\nCódigo de verificação: B4SE-L1NE-00\n\nEquipe Regnovum"}