{"html":"\u003c!doctype html\u003e\n\u003chtml lang=\"pt-BR\" dir=\"ltr\"\u003e\n\u003chead\u003e\n\u003cmeta charset=\"utf-8\"\u003e\n\u003ctitle\u003eSua senha do Regnovum foi alterada\u003c/title\u003e\n\u003c/head\u003e\n\u003cbody\u003e\n\u003cp\u003eOlá, Baseline Ana\u003c/p\u003e\n\u003cp\u003eA senha da sua conta foi alterada e todas as sessões antigas foram encerradas. Se não foi você, redefina a senha agora e revise as sessões ativas.\u003c/p\u003e\n\u003cp\u003eEquipe Regnovum\u003c/p\u003e\n\u003c/body\u003e\n\u003c/html\u003e\n","subject":"Sua senha do Regnovum foi alterada","text":"Olá, Baseline Ana\n\nA senha da sua conta foi alterada e todas as sessões antigas foram encerradas. Se não foi você, redefina a senha agora e revise as sessões ativas.\n\nEquipe Regnovum"}