{"schema_version":1,"generated_at":"2026-06-01T12:00:00Z","excluded_categories":[],"account":{"id":"01a0d900-0000-7000-8000-000000000001","email":"baseline.ana@example.com","status":"active","email_verified":true,"created_at":"2026-06-01T12:00:00Z","profile":null,"preferences":null,"username_history":[],"sessions":[]},"positions":[],"position_changes":null,"arena_drafts":null,"arguments":[],"wallet":{"balance_free":0,"balance_purchased":0,"transactions":null},"passes":{"lots":null,"consumptions":null},"billing":{"checkout_intents":null,"subscriptions":null}}